// Jest Snapshot v1, https://goo.gl/fbAQLP

exports[`RelatedReviews component RelatedReviews component default 1`] = `
<Container>
  <Row>
    <h5>
      Relaterte anmeldelser
    </h5>
    <ColumnCentre
      width={4}
    >
      <ReviewCard
        relevanse={0}
        subtitle=""
        terningkast={0}
        text=""
        title=""
      />
    </ColumnCentre>
  </Row>
  <Row />
</Container>
`;
